======================================================================
项目12：大规模多轮文明迭代数值仿真
启动时间: 2026-09-10 19:18:38
随机种子: 20260910
迭代轮数: 500
======================================================================
[仿真启动] 共 32 个场景，每场景 500 轮
[参数] 文明类型×2 人口×4 位面×4
  [S001] 掠夺文明 | 小型部落 | 贫瘠位面 → 终局人口 2203万 | 峰值 2211万 | 均稳定 0.054 | 冲突 315 | 存续
  [S002] 掠夺文明 | 小型部落 | 普通位面 → 终局人口 1494万 | 峰值 2493万 | 均稳定 0.080 | 冲突 321 | 存续
  [S003] 掠夺文明 | 小型部落 | 富饶位面 → 终局人口 21683万 | 峰值 23527万 | 均稳定 0.234 | 冲突 211 | 存续
  [S004] 掠夺文明 | 小型部落 | 灾厄位面 → 终局人口 10万 | 峰值 118万 | 均稳定 0.014 | 冲突 332 | 存续
  [S005] 掠夺文明 | 城邦文明 | 贫瘠位面 → 终局人口 294万 | 峰值 21310万 | 均稳定 0.583 | 冲突 65 | 存续
  [S006] 掠夺文明 | 城邦文明 | 普通位面 → 终局人口 16万 | 峰值 2360万 | 均稳定 0.036 | 冲突 326 | 存续
  [S007] 掠夺文明 | 城邦文明 | 富饶位面 → 终局人口 15882万 | 峰值 153295万 | 均稳定 0.648 | 冲突 33 | 存续
  [S008] 掠夺文明 | 城邦文明 | 灾厄位面 → 终局人口 0万 | 峰值 1319万 | 均稳定 0.012 | 冲突 289 | 崩溃(R447)
  [S009] 掠夺文明 | 大陆文明 | 贫瘠位面 → 终局人口 7万 | 峰值 10561万 | 均稳定 0.299 | 冲突 189 | 存续
  [S010] 掠夺文明 | 大陆文明 | 普通位面 → 终局人口 3万 | 峰值 5476万 | 均稳定 0.053 | 冲突 319 | 存续
  [S011] 掠夺文明 | 大陆文明 | 富饶位面 → 终局人口 122万 | 峰值 30832万 | 均稳定 0.169 | 冲突 264 | 存续
  [S012] 掠夺文明 | 大陆文明 | 灾厄位面 → 终局人口 0万 | 峰值 3896万 | 均稳定 0.014 | 冲突 232 | 崩溃(R380)
  [S013] 掠夺文明 | 星际文明 | 贫瘠位面 → 终局人口 9万 | 峰值 16134万 | 均稳定 0.298 | 冲突 193 | 存续
  [S014] 掠夺文明 | 星际文明 | 普通位面 → 终局人口 1万 | 峰值 17534万 | 均稳定 0.112 | 冲突 280 | 存续
  [S015] 掠夺文明 | 星际文明 | 富饶位面 → 终局人口 33万 | 峰值 25984万 | 均稳定 0.098 | 冲突 320 | 存续
  [S016] 掠夺文明 | 星际文明 | 灾厄位面 → 终局人口 0万 | 峰值 11229万 | 均稳定 0.021 | 冲突 227 | 崩溃(R358)
  [S017] 锚点共生文明 | 小型部落 | 贫瘠位面 → 终局人口 79万 | 峰值 3718万 | 均稳定 0.997 | 冲突 0 | 存续
  [S018] 锚点共生文明 | 小型部落 | 普通位面 → 终局人口 701万 | 峰值 9458万 | 均稳定 0.995 | 冲突 0 | 存续
  [S019] 锚点共生文明 | 小型部落 | 富饶位面 → 终局人口 16223万 | 峰值 30717万 | 均稳定 0.997 | 冲突 0 | 存续
  [S020] 锚点共生文明 | 小型部落 | 灾厄位面 → 终局人口 3万 | 峰值 70万 | 均稳定 0.971 | 冲突 0 | 存续
  [S021] 锚点共生文明 | 城邦文明 | 贫瘠位面 → 终局人口 9万 | 峰值 4087万 | 均稳定 0.996 | 冲突 0 | 存续
  [S022] 锚点共生文明 | 城邦文明 | 普通位面 → 终局人口 58万 | 峰值 9916万 | 均稳定 0.990 | 冲突 0 | 存续
  [S023] 锚点共生文明 | 城邦文明 | 富饶位面 → 终局人口 1772万 | 峰值 41174万 | 均稳定 0.964 | 冲突 0 | 存续
  [S024] 锚点共生文明 | 城邦文明 | 灾厄位面 → 终局人口 0万 | 峰值 467万 | 均稳定 0.883 | 冲突 0 | 崩溃(R489)
  [S025] 锚点共生文明 | 大陆文明 | 贫瘠位面 → 终局人口 3万 | 峰值 4124万 | 均稳定 0.995 | 冲突 0 | 存续
  [S026] 锚点共生文明 | 大陆文明 | 普通位面 → 终局人口 51万 | 峰值 10670万 | 均稳定 0.994 | 冲突 0 | 存续
  [S027] 锚点共生文明 | 大陆文明 | 富饶位面 → 终局人口 951万 | 峰值 40960万 | 均稳定 0.960 | 冲突 0 | 存续
  [S028] 锚点共生文明 | 大陆文明 | 灾厄位面 → 终局人口 0万 | 峰值 4418万 | 均稳定 0.801 | 冲突 0 | 崩溃(R486)
  [S029] 锚点共生文明 | 星际文明 | 贫瘠位面 → 终局人口 2万 | 峰值 9812万 | 均稳定 0.995 | 冲突 0 | 存续
  [S030] 锚点共生文明 | 星际文明 | 普通位面 → 终局人口 18万 | 峰值 15375万 | 均稳定 0.987 | 冲突 0 | 存续
  [S031] 锚点共生文明 | 星际文明 | 富饶位面 → 终局人口 362万 | 峰值 40654万 | 均稳定 0.917 | 冲突 0 | 存续
  [S032] 锚点共生文明 | 星际文明 | 灾厄位面 → 终局人口 0万 | 峰值 9675万 | 均稳定 0.839 | 冲突 0 | 崩溃(R484)
[输出] /home/user/.doubao/agent_mode/workspace/project12_civilization_sim/output/civilization_evolution_full.csv  (16000 行)
[输出] /home/user/.doubao/agent_mode/workspace/project12_civilization_sim/output/civilization_evolution_summary.csv  (32 行)
[输出] /home/user/.doubao/agent_mode/workspace/project12_civilization_sim/output/civilization_evolution_presets.csv  (1600 行)

======================================================================
[仿真完成] 耗时 0.24 秒
[数据量] 全量 16000 行 | 汇总 32 行 | 预设 1600 行
[场景数] 32 个
[存活率] 掠夺文明 13/16 (81.2%) | 锚点共生 13/16 (81.2%)
======================================================================
